Windows fatal exception: code 0x8001010d

Thread 0x0000a3a8 (most recent call first):
  File "D:\Soft\Work\Anaconda\envs\pytorch\lib\site-packages\pynput\_util\win32.py", line 189 in __iter__
  File "D:\Soft\Work\Anaconda\envs\pytorch\lib\site-packages\pynput\_util\win32.py", line 356 in _run
  File "D:\Soft\Work\Anaconda\envs\pytorch\lib\site-packages\pynput\_util\__init__.py", line 216 in run
  File "D:\Soft\Work\Anaconda\envs\pytorch\lib\threading.py", line 980 in _bootstrap_inner
  File "D:\Soft\Work\Anaconda\envs\pytorch\lib\threading.py", line 937 in _bootstrap

Thread 0x00008f64 (most recent call first):
  File "D:\Soft\Work\Anaconda\envs\pytorch\lib\site-packages\pynput\_util\win32.py", line 189 in __iter__
  File "D:\Soft\Work\Anaconda\envs\pytorch\lib\site-packages\pynput\_util\win32.py", line 356 in _run
  File "D:\Soft\Work\Anaconda\envs\pytorch\lib\site-packages\pynput\_util\__init__.py", line 216 in run
  File "D:\Soft\Work\Anaconda\envs\pytorch\lib\threading.py", line 980 in _bootstrap_inner
  File "D:\Soft\Work\Anaconda\envs\pytorch\lib\threading.py", line 937 in _bootstrap

Current thread 0x000096d8 (most recent call first):
  File "D:\Github\EyeMuse\frontend\src\app.py", line 5058 in run
  File "D:\Github\EyeMuse\frontend\main.py", line 19 in <module>
Windows fatal exception: code 0x8001010d

Thread 0x00008774 (most recent call first):
  File "D:\Soft\Work\Anaconda\envs\pytorch\lib\site-packages\pynput\_util\win32.py", line 189 in __iter__
  File "D:\Soft\Work\Anaconda\envs\pytorch\lib\site-packages\pynput\_util\win32.py", line 356 in _run
  File "D:\Soft\Work\Anaconda\envs\pytorch\lib\site-packages\pynput\_util\__init__.py", line 216 in run
  File "D:\Soft\Work\Anaconda\envs\pytorch\lib\threading.py", line 980 in _bootstrap_inner
  File "D:\Soft\Work\Anaconda\envs\pytorch\lib\threading.py", line 937 in _bootstrap

Thread 0x00009ba4 (most recent call first):
  File "D:\Soft\Work\Anaconda\envs\pytorch\lib\site-packages\pynput\_util\win32.py", line 189 in __iter__
  File "D:\Soft\Work\Anaconda\envs\pytorch\lib\site-packages\pynput\_util\win32.py", line 356 in _run
  File "D:\Soft\Work\Anaconda\envs\pytorch\lib\site-packages\pynput\_util\__init__.py", line 216 in run
  File "D:\Soft\Work\Anaconda\envs\pytorch\lib\threading.py", line 980 in _bootstrap_inner
  File "D:\Soft\Work\Anaconda\envs\pytorch\lib\threading.py", line 937 in _bootstrap

Current thread 0x00003734 (most recent call first):
  File "D:\Github\EyeMuse\frontend\src\app.py", line 5058 in run
  File "D:\Github\EyeMuse\frontend\main.py", line 19 in <module>

[2026-07-19 22:37:00] Unhandled exception
Traceback (most recent call last):
  File "D:\Github\EyeMuse\frontend\src\app.py", line 470, in _handle_movie_frame_changed
    def _handle_movie_frame_changed(self, _frame_number: int) -> None:
KeyboardInterrupt
Windows fatal exception: code 0x8001010d

Thread 0x00009e68 (most recent call first):
  File "D:\Soft\Work\Anaconda\envs\pytorch\lib\concurrent\futures\thread.py", line 81 in _worker
  File "D:\Soft\Work\Anaconda\envs\pytorch\lib\threading.py", line 917 in run
  File "D:\Soft\Work\Anaconda\envs\pytorch\lib\threading.py", line 980 in _bootstrap_inner
  File "D:\Soft\Work\Anaconda\envs\pytorch\lib\threading.py", line 937 in _bootstrap

Thread 0x000065c8 (most recent call first):
  File "D:\Soft\Work\Anaconda\envs\pytorch\lib\site-packages\pynput\_util\win32.py", line 189 in __iter__
  File "D:\Soft\Work\Anaconda\envs\pytorch\lib\site-packages\pynput\_util\win32.py", line 356 in _run
  File "D:\Soft\Work\Anaconda\envs\pytorch\lib\site-packages\pynput\_util\__init__.py", line 216 in run
  File "D:\Soft\Work\Anaconda\envs\pytorch\lib\threading.py", line 980 in _bootstrap_inner
  File "D:\Soft\Work\Anaconda\envs\pytorch\lib\threading.py", line 937 in _bootstrap

Thread 0x00009390 (most recent call first):
  File "D:\Soft\Work\Anaconda\envs\pytorch\lib\site-packages\pynput\_util\win32.py", line 189 in __iter__
  File "D:\Soft\Work\Anaconda\envs\pytorch\lib\site-packages\pynput\_util\win32.py", line 356 in _run
  File "D:\Soft\Work\Anaconda\envs\pytorch\lib\site-packages\pynput\_util\__init__.py", line 216 in run
  File "D:\Soft\Work\Anaconda\envs\pytorch\lib\threading.py", line 980 in _bootstrap_inner
  File "D:\Soft\Work\Anaconda\envs\pytorch\lib\threading.py", line 937 in _bootstrap

Current thread 0x00007340 (most recent call first):
  File "D:\Github\EyeMuse\frontend\src\app.py", line 5068 in run
  File "D:\Github\EyeMuse\frontend\main.py", line 19 in <module>
Windows fatal exception: code 0x8001010d

Thread 0x000085d0 (most recent call first):
  File "D:\Soft\Work\Anaconda\envs\pytorch\lib\site-packages\pynput\_util\win32.py", line 189 in __iter__
  File "D:\Soft\Work\Anaconda\envs\pytorch\lib\site-packages\pynput\_util\win32.py", line 356 in _run
  File "D:\Soft\Work\Anaconda\envs\pytorch\lib\site-packages\pynput\_util\__init__.py", line 216 in run
  File "D:\Soft\Work\Anaconda\envs\pytorch\lib\threading.py", line 980 in _bootstrap_inner
  File "D:\Soft\Work\Anaconda\envs\pytorch\lib\threading.py", line 937 in _bootstrap

Thread 0x00008d98 (most recent call first):
  File "D:\Soft\Work\Anaconda\envs\pytorch\lib\site-packages\pynput\_util\win32.py", line 189 in __iter__
  File "D:\Soft\Work\Anaconda\envs\pytorch\lib\site-packages\pynput\_util\win32.py", line 356 in _run
  File "D:\Soft\Work\Anaconda\envs\pytorch\lib\site-packages\pynput\_util\__init__.py", line 216 in run
  File "D:\Soft\Work\Anaconda\envs\pytorch\lib\threading.py", line 980 in _bootstrap_inner
  File "D:\Soft\Work\Anaconda\envs\pytorch\lib\threading.py", line 937 in _bootstrap

Current thread 0x00007228 (most recent call first):
  File "D:\Github\EyeMuse\frontend\src\app.py", line 5068 in run
  File "D:\Github\EyeMuse\frontend\main.py", line 19 in <module>
Windows fatal exception: code 0x8001010d

Thread 0x000074a8 (most recent call first):
  File "D:\Soft\Work\Anaconda\envs\pytorch\lib\site-packages\pynput\_util\win32.py", line 189 in __iter__
  File "D:\Soft\Work\Anaconda\envs\pytorch\lib\site-packages\pynput\_util\win32.py", line 356 in _run
  File "D:\Soft\Work\Anaconda\envs\pytorch\lib\site-packages\pynput\_util\__init__.py", line 216 in run
  File "D:\Soft\Work\Anaconda\envs\pytorch\lib\threading.py", line 980 in _bootstrap_inner
  File "D:\Soft\Work\Anaconda\envs\pytorch\lib\threading.py", line 937 in _bootstrap

Thread 0x00008e44 (most recent call first):
  File "D:\Soft\Work\Anaconda\envs\pytorch\lib\site-packages\pynput\_util\win32.py", line 189 in __iter__
  File "D:\Soft\Work\Anaconda\envs\pytorch\lib\site-packages\pynput\_util\win32.py", line 356 in _run
  File "D:\Soft\Work\Anaconda\envs\pytorch\lib\site-packages\pynput\_util\__init__.py", line 216 in run
  File "D:\Soft\Work\Anaconda\envs\pytorch\lib\threading.py", line 980 in _bootstrap_inner
  File "D:\Soft\Work\Anaconda\envs\pytorch\lib\threading.py", line 937 in _bootstrap

Current thread 0x000030c4 (most recent call first):
  File "D:\Github\EyeMuse\frontend\src\app.py", line 5068 in run
  File "D:\Github\EyeMuse\frontend\main.py", line 19 in <module>
