Windows fatal exception: code 0x8001010d

Thread 0x00008ce0 (most recent call first):
  File "D:\Soft\Work\Anaconda\envs\pytorch\lib\concurrent\futures\thread.py", line 81 in _worker
  File "D:\Soft\Work\Anaconda\envs\pytorch\lib\threading.py", line 917 in run
  File "D:\Soft\Work\Anaconda\envs\pytorch\lib\threading.py", line 980 in _bootstrap_inner
  File "D:\Soft\Work\Anaconda\envs\pytorch\lib\threading.py", line 937 in _bootstrap

Thread 0x00004128 (most recent call first):
  File "D:\Soft\Work\Anaconda\envs\pytorch\lib\site-packages\pynput\_util\win32.py", line 189 in __iter__
  File "D:\Soft\Work\Anaconda\envs\pytorch\lib\site-packages\pynput\_util\win32.py", line 356 in _run
  File "D:\Soft\Work\Anaconda\envs\pytorch\lib\site-packages\pynput\_util\__init__.py", line 216 in run
  File "D:\Soft\Work\Anaconda\envs\pytorch\lib\threading.py", line 980 in _bootstrap_inner
  File "D:\Soft\Work\Anaconda\envs\pytorch\lib\threading.py", line 937 in _bootstrap

Thread 0x000047c8 (most recent call first):
  File "D:\Soft\Work\Anaconda\envs\pytorch\lib\site-packages\pynput\_util\win32.py", line 189 in __iter__
  File "D:\Soft\Work\Anaconda\envs\pytorch\lib\site-packages\pynput\_util\win32.py", line 356 in _run
  File "D:\Soft\Work\Anaconda\envs\pytorch\lib\site-packages\pynput\_util\__init__.py", line 216 in run
  File "D:\Soft\Work\Anaconda\envs\pytorch\lib\threading.py", line 980 in _bootstrap_inner
  File "D:\Soft\Work\Anaconda\envs\pytorch\lib\threading.py", line 937 in _bootstrap

Current thread 0x00008878 (most recent call first):
  File "D:\Github\EyeMuse\frontend\src\app.py", line 5060 in run
  File "D:\Github\EyeMuse\frontend\main.py", line 19 in <module>
